Full Configured (Snapshot):
  1: |
    apiVersion: v1beta1
    automountServiceAccountToken: true
    kind: ServiceAccount
    metadata:
      annotations:
        test.annotations/1: value
      labels:
        app.kubernetes.io/instance: RELEASE-NAME
        app.kubernetes.io/managed-by: Helm
        app.kubernetes.io/name: RELEASE-NAME-manifests-testing
        app.kubernetes.io/version: 0.0.0
        test.label/1: value
      name: RELEASE-NAME-manifests-testing
      namespace: custom-namespace
    secrets:
    - name: build-robot-token-bvbk5
